2026-05-03 19:55:38,919 - __main__ - INFO - [run_live_api.py:235] - ============================================================
2026-05-03 19:55:38,919 - __main__ - INFO - [run_live_api.py:236] - Engine 1 API Server Starting
2026-05-03 19:55:38,920 - __main__ - INFO - [run_live_api.py:237] - ============================================================
2026-05-03 19:55:38,920 - src.workload_prediction_engine.config - WARNING - [config.py:87] - Model path models/trained/workload_predictor_balanced.pt does not exist (will be created on training)
2026-05-03 19:55:38,920 - src.workload_prediction_engine.config - WARNING - [config.py:91] - Scaler path data/preprocessed/balanced_dataset/scaler.pkl does not exist (will be created on training)
2026-05-03 19:55:38,925 - __main__ - INFO - [run_live_api.py:247] - Initializing predictor for system: test-system
2026-05-03 19:55:42,990 - metrics_collector - ERROR - [metrics_collector.py:55] - Cannot reach Prometheus: HTTPConnectionPool(host='localhost', port=9090): Max retries exceeded with url: /-/healthy (Caused by NewConnectionError("HTTPConnection(host='localhost', port=9090): Failed to establish a new connection: [WinError 10061] No connection could be made because the target machine actively refused it"))
2026-05-03 19:55:42,991 - metrics_collector - WARNING - [metrics_collector.py:56] - Falling back to mock metrics mode
2026-05-03 19:55:42,991 - predictor - INFO - [predictor.py:64] - Initializing WorkloadPredictor
2026-05-03 19:55:42,992 - predictor - INFO - [predictor.py:65] -   Model path: models\trained\workload_predictor_balanced.pt
2026-05-03 19:55:42,993 - predictor - INFO - [predictor.py:66] -   Scaler path: data\preprocessed\balanced_dataset\scaler.pkl
2026-05-03 19:55:42,993 - predictor - INFO - [predictor.py:67] -   Device: cpu
2026-05-03 19:55:42,993 - src.workload_prediction_engine.live_predictor - INFO - [live_predictor.py:94] - Mock mode enabled - skipping model loading
2026-05-03 19:55:42,993 - src.workload_prediction_engine.live_predictor - INFO - [live_predictor.py:99] - LivePredictor initialized: test-system (bootstrap: forward_fill, mock: True)
2026-05-03 19:55:42,995 - carbon_engine.energy_model - INFO - [energy_model.py:38] - EnergyModel initialized: 0.5 kWh per pod per hour
2026-05-03 19:55:42,995 - carbon_engine.carbon_calculator - INFO - [carbon_calculator.py:41] - CarbonCalculator initialized: 400.0 g CO2/kWh
2026-05-03 19:55:42,995 - carbon_engine.scenario_simulator - INFO - [scenario_simulator.py:63] - ScenarioSimulator initialized
2026-05-03 19:55:42,995 - carbon_engine.decision_engine - INFO - [decision_engine.py:42] - DecisionEngine initialized
2026-05-03 19:55:42,995 - carbon_engine.carbon_engine - INFO - [carbon_engine.py:44] - CarbonEmissionEngine initialized
2026-05-03 19:55:42,996 - __main__ - INFO - [run_live_api.py:274] - Creating FastAPI application
2026-05-03 19:55:43,033 - __main__ - INFO - [run_live_api.py:303] - Starting background prediction loop
2026-05-03 19:55:43,034 - __main__ - INFO - [run_live_api.py:124] - Starting prediction loop: interval=30s
2026-05-03 19:55:43,034 - runtime_store - INFO - [runtime_store.py:86] - Created new runtime store: data\runtime_metrics\test-system_runtime_metrics.csv
2026-05-03 19:55:43,035 - __main__ - INFO - [run_live_api.py:314] - Starting API server on 0.0.0.0:5000
2026-05-03 19:55:43,035 - __main__ - INFO - [run_live_api.py:315] - Endpoints available:
2026-05-03 19:55:43,035 - __main__ - INFO - [run_live_api.py:316] -   GET  http://0.0.0.0:5000/health
2026-05-03 19:55:43,035 - __main__ - INFO - [run_live_api.py:317] -   GET  http://0.0.0.0:5000/predict
2026-05-03 19:55:43,035 - __main__ - INFO - [run_live_api.py:318] -   POST http://0.0.0.0:5000/predict/run
2026-05-03 19:55:43,036 - __main__ - INFO - [run_live_api.py:319] -   GET  http://0.0.0.0:5000/status
2026-05-03 19:55:43,036 - __main__ - INFO - [run_live_api.py:320] -   GET  http://0.0.0.0:5000/docs (Swagger UI)
2026-05-03 19:55:43,057 - src.workload_prediction_engine.live_predictor - ERROR - [live_predictor.py:188] - Prediction failed: Model not loaded. Call load_model() first
2026-05-03 19:55:43,057 - __main__ - ERROR - [run_live_api.py:156] - Prediction cycle failed: Engine1Output.__init__() missing 1 required positional argument: 'prediction_window_seconds'
